// Jest Snapshot v1, https://goo.gl/fbAQLP

exports[`changePlaceholderInTemplate should produce a lowercased version of "ProjectName" in package.json "name" field 1`] = `
"Snapshot Diff:
- First value
+ Second value

@@ -1,6 +1,6 @@
  {
-   \\"name\\": \\"PlaceholderName\\",
+   \\"name\\": \\"ProjectName\\",
    \\"version\\": \\"0.0.1\\",
    \\"scripts\\": {
-     \\"run-ios\\": \\"react-native run-ios --scheme PlaceholderNameDevelopment\\"
+     \\"run-ios\\": \\"react-native run-ios --scheme ProjectNameDevelopment\\"
    }"
`;

exports[`should edit template 1`] = `
"Snapshot Diff:
- First value
+ Second value

@@ -12,3 +12,3 @@
    RCTRootView *rootView = [[RCTRootView alloc] initWithBridge:bridge
-                                             moduleName:@\\"PlaceholderName\\"
+                                             moduleName:@\\"ProjectName\\"
                                              initialProperties:nil];"
`;

exports[`should edit template 2`] = `
"Snapshot Diff:
- First value
+ Second value

@@ -1,3 +1,3 @@
  <resources>
-     <string name=\\"app_name\\">Hello App Display Name</string>
+     <string name=\\"app_name\\">ProjectName</string>
  </resources>"
`;

exports[`should edit template 3`] = `
"Snapshot Diff:
- First value
+ Second value

@@ -9,5 +9,5 @@
    \\"/android/android-java/com/.DS_Store\\",
-   \\"/android/android-java/com/placeholdername\\",
-   \\"/android/android-java/com/placeholdername/MainActivity.java\\",
-   \\"/android/android-java/com/placeholdername/PlaceholderName.java\\",
+   \\"/android/android-java/com/projectname\\",
+   \\"/android/android-java/com/projectname/MainActivity.java\\",
+   \\"/android/android-java/com/projectname/ProjectName.java\\",
    \\"/android/android-kotlin\\",
@@ -16,14 +16,14 @@
    \\"/android/android-kotlin/com/.DS_Store\\",
-   \\"/android/android-kotlin/com/placeholdername\\",
-   \\"/android/android-kotlin/com/placeholdername/MainActivity.kt\\",
-   \\"/android/android-kotlin/com/placeholdername/PlaceholderName.kt\\",
+   \\"/android/android-kotlin/com/projectname\\",
+   \\"/android/android-kotlin/com/projectname/MainActivity.kt\\",
+   \\"/android/android-kotlin/com/projectname/ProjectName.kt\\",
    \\"/android/strings.xml\\",
    \\"/ios\\",
-   \\"/ios/PlaceholderName\\",
-   \\"/ios/PlaceholderName/AppDelegate.m\\",
-   \\"/ios/PlaceholderName/project.pbxproj\\",
-   \\"/ios/PlaceholderName-tvOS\\",
-   \\"/ios/PlaceholderName-tvOS/.gitkeep\\",
-   \\"/ios/PlaceholderNameTests\\",
-   \\"/ios/PlaceholderNameTests/.gitkeep\\",
+   \\"/ios/ProjectName\\",
+   \\"/ios/ProjectName/AppDelegate.m\\",
+   \\"/ios/ProjectName/project.pbxproj\\",
+   \\"/ios/ProjectName-tvOS\\",
+   \\"/ios/ProjectName-tvOS/.gitkeep\\",
+   \\"/ios/ProjectNameTests\\",
+   \\"/ios/ProjectNameTests/.gitkeep\\",
    \\"/node_modules\\","
`;
